    1ページ目まで … 累計 34 件
    2ページ目まで … 累計 54 件
    3ページ目まで … 累計 69 件
    4ページ目まで … 累計 80 件
    5ページ目まで … 累計 100 件
    6ページ目まで … 累計 120 件
    7ページ目まで … 累計 140 件
    8ページ目まで … 累計 160 件
    9ページ目まで … 累計 180 件
   10ページ目まで … 累計 200 件
   11ページ目まで … 累計 220 件
   12ページ目まで … 累計 240 件
   13ページ目まで … 累計 260 件
   14ページ目まで … 累計 280 件
   15ページ目まで … 累計 300 件
   16ページ目まで … 累計 320 件
   17ページ目まで … 累計 340 件
   18ページ目まで … 累計 360 件
   19ページ目まで … 累計 380 件
   20ページ目まで … 累計 400 件
   21ページ目まで … 累計 420 件
   22ページ目まで … 累計 440 件
   23ページ目まで … 累計 460 件
   24ページ目まで … 累計 480 件
   25ページ目まで … 累計 500 件
   26ページ目まで … 累計 520 件
   27ページ目まで … 累計 540 件
   28ページ目まで … 累計 560 件
   29ページ目まで … 累計 580 件
   30ページ目まで … 累計 600 件
   31ページ目まで … 累計 620 件
   32ページ目まで … 累計 640 件
   33ページ目まで … 累計 660 件
   34ページ目まで … 累計 680 件
   35ページ目まで … 累計 700 件
   36ページ目まで … 累計 720 件
   37ページ目まで … 累計 740 件
   38ページ目まで … 累計 760 件
   39ページ目まで … 累計 780 件
   40ページ目まで … 累計 800 件
   41ページ目まで … 累計 820 件
   42ページ目まで … 累計 840 件
   43ページ目まで … 累計 860 件
   44ページ目まで … 累計 880 件
   45ページ目まで … 累計 900 件
   46ページ目まで … 累計 920 件
   47ページ目まで … 累計 940 件
   48ページ目まで … 累計 960 件
   49ページ目まで … 累計 980 件
   50ページ目まで … 累計 1000 件
   51ページ目まで … 累計 1020 件
   52ページ目まで … 累計 1040 件
   53ページ目まで … 累計 1060 件
   54ページ目まで … 累計 1080 件
   55ページ目まで … 累計 1100 件
   56ページ目まで … 累計 1120 件
   57ページ目まで … 累計 1140 件
   58ページ目まで … 累計 1160 件
   59ページ目まで … 累計 1180 件
   60ページ目まで … 累計 1200 件
   61ページ目まで … 累計 1220 件
   62ページ目まで … 累計 1240 件
   63ページ目まで … 累計 1260 件
   64ページ目まで … 累計 1280 件
   65ページ目まで … 累計 1300 件
   66ページ目まで … 累計 1320 件
   67ページ目まで … 累計 1340 件
   68ページ目まで … 累計 1360 件
   69ページ目まで … 累計 1380 件
   70ページ目まで … 累計 1400 件
   71ページ目まで … 累計 1420 件
   72ページ目まで … 累計 1440 件
   73ページ目まで … 累計 1460 件
   74ページ目まで … 累計 1480 件
   75ページ目まで … 累計 1500 件
   76ページ目まで … 累計 1520 件
   77ページ目まで … 累計 1540 件
   78ページ目まで … 累計 1560 件
   79ページ目まで … 累計 1580 件
   80ページ目まで … 累計 1600 件
   81ページ目まで … 累計 1620 件
   82ページ目まで … 累計 1640 件
   83ページ目まで … 累計 1660 件
   84ページ目まで … 累計 1680 件
   85ページ目まで … 累計 1700 件
   86ページ目まで … 累計 1720 件
   87ページ目まで … 累計 1740 件
   88ページ目まで … 累計 1760 件
   89ページ目まで … 累計 1780 件
   90ページ目まで … 累計 1800 件
   91ページ目まで … 累計 1820 件
   92ページ目まで … 累計 1840 件
   93ページ目まで … 累計 1860 件
   94ページ目まで … 累計 1880 件
   95ページ目まで … 累計 1900 件
   96ページ目まで … 累計 1920 件
   97ページ目まで … 累計 1940 件
   98ページ目まで … 累計 1960 件
   99ページ目まで … 累計 1980 件
  100ページ目まで … 累計 2000 件
  101ページ目まで … 累計 2020 件
  102ページ目まで … 累計 2040 件
  103ページ目まで … 累計 2060 件
  104ページ目まで … 累計 2080 件
  105ページ目まで … 累計 2100 件
  106ページ目まで … 累計 2120 件
  107ページ目まで … 累計 2140 件
  108ページ目まで … 累計 2160 件
  109ページ目まで … 累計 2180 件
  110ページ目まで … 累計 2200 件
  111ページ目まで … 累計 2220 件
  112ページ目まで … 累計 2240 件
  113ページ目まで … 累計 2260 件
  114ページ目まで … 累計 2280 件
  115ページ目まで … 累計 2300 件
  116ページ目まで … 累計 2320 件
  117ページ目まで … 累計 2340 件
  118ページ目まで … 累計 2360 件
  119ページ目まで … 累計 2380 件
  120ページ目まで … 累計 2400 件
  121ページ目まで … 累計 2420 件
  122ページ目まで … 累計 2440 件
  123ページ目まで … 累計 2460 件
  124ページ目まで … 累計 2480 件
  125ページ目まで … 累計 2500 件
  126ページ目まで … 累計 2520 件
  127ページ目まで … 累計 2540 件
  128ページ目まで … 累計 2551 件
索引から 2551 件（新規 2465）
  2026年度  東京U-18リーグ                                      2ブロック
索引: 見つかった 2465 / 無し 0 → 累計 2558 件  data\leagues\junior_soccer_tids.csv
