全国大会のページ 35 件（〜2021年度）
  2014 新人戦  都高校サッカー新人選手権    28 試合
  2014 新人戦  都高校サッカー新人選手権    35 試合
  2014 新人戦  都高校サッカー新人選手権    37 試合
  2014 新人戦  都高校サッカー新人選手権    37 試合
  2014 新人戦  都高校サッカー新人選手権    33 試合
  2014 新人戦  都高校サッカー新人選手権    36 試合
  2014 新人戦  都高校サッカー新人選手権    38 試合
  2014 新人戦  都高校サッカー新人選手権    34 試合
  2014 総体   都高等学校総合体育大会     10 試合
  2014 総体   都高等学校総合体育大会     48 試合
  2014 選手権  都大会二次予選：Aブロッ    27 試合
  2014 選手権  都大会二次予選：Bブロッ    27 試合
  2014 選手権  都大会一次予選：Aグルー    80 試合
  2014 選手権  都大会一次予選：Bグルー    88 試合
  2014 選手権  都大会一次予選：Cグルー    85 試合
  2014 関東   都予選             30 試合
  2015 新人戦  都新人戦（新人選手権大会    29 試合
  2015 新人戦  都新人戦（新人選手権大会    34 試合
  2015 新人戦  都新人戦（新人選手権大会    36 試合
  2015 新人戦  都新人戦（新人選手権大会    35 試合
  2015 新人戦  都新人戦（新人選手権大会    33 試合
  2015 新人戦  都新人戦（新人選手権大会    39 試合
  2015 新人戦  都新人戦（新人選手権大会    35 試合
  2015 新人戦  都新人戦（新人選手権大会    37 試合
  2015 総体   都                9 試合
  2015 総体   都一次予選           46 試合
  2015 総体   都支部予選（中支部）      67 試合
  2015 総体   都支部予選（東支部）      56 試合
  2015 総体   都支部予選（西支部）      65 試合
  2015 総体   都支部予選（南支部）      64 試合
  2015 選手権  二次予選            54 試合
  2015 選手権  一次予選           257 試合
  2015 関東   都大会             31 試合
  2016 新人戦  新人戦（新人選手権大会）    37 試合
  2016 新人戦  新人戦（新人選手権大会）    36 試合
  2016 新人戦  新人戦（新人選手権大会）    40 試合
  2016 新人戦  新人戦（新人選手権大会）    31 試合
  2016 新人戦  新人戦（新人選手権大会）    34 試合
  2016 新人戦  新人戦（新人選手権大会）    36 試合
  2016 新人戦  新人戦（新人選手権大会）    33 試合
  2016 新人戦  新人戦（新人選手権大会）    29 試合
  2016 総体   予選2次トーナメント       9 試合
  2016 総体   予選1次トーナメント      45 試合
  2016 総体   西支部予選           65 試合
  2016 総体   中支部予選           67 試合
  2016 総体   東支部予選           56 試合
  2016 総体   南支部予選           64 試合
  2016 選手権  予選             308 試合
  2017 新人戦  新人戦（新人選手権大会）    36 試合
  2017 新人戦  新人戦（新人選手権大会）    34 試合
  2017 新人戦  新人戦（新人選手権大会）    38 試合
  2017 新人戦  新人戦（新人選手権大会）    34 試合
  2017 新人戦  新人戦（新人選手権大会）    34 試合
  2017 新人戦  新人戦（新人選手権大会）    32 試合
  2017 新人戦  新人戦（新人選手権大会）    32 試合
  2017 新人戦  新人戦（新人選手権大会）    30 試合
  2017 総体   都予選             54 試合
  2017 総体   都予選 南支部予選       66 試合
  2017 総体   都予選 東支部予選       56 試合
  2017 総体   都予選 西支部予選       66 試合
  2017 総体   都予選 中支部予選       62 試合
  2017 選手権  予選             306 試合
  2018 新人戦  新人戦（新人選手権大会）    29 試合
  2018 新人戦  新人戦（新人選手権大会）    33 試合
  2018 新人戦  新人戦（新人選手権大会）    31 試合
  2018 新人戦  新人戦（新人選手権大会）    33 試合
  2018 新人戦  新人戦（新人選手権大会）    32 試合
  2018 新人戦  新人戦（新人選手権大会）    40 試合
  2018 新人戦  新人戦（新人選手権大会）    35 試合
  2018 新人戦  新人戦（新人選手権大会）    36 試合
  2018 総体   予選              56 試合
  2018 総体   予選中支部           59 試合
  2018 総体   予選東支部           53 試合
  2018 総体   予選南支部           66 試合
  2018 総体   予選西支部           65 試合
  2018 選手権  予選             300 試合
  2019 新人戦  新人戦（新人選手権大会）    28 試合
  2019 新人戦  新人戦（新人選手権大会）    29 試合
  2019 新人戦  新人戦（新人選手権大会）    32 試合
  2019 新人戦  新人戦（新人選手権大会）    34 試合
  2019 新人戦  新人戦（新人選手権大会）    31 試合
  2019 新人戦  新人戦（新人選手権大会）    39 試合
  2019 新人戦  新人戦（新人選手権大会）    35 試合
  2019 新人戦  新人戦（新人選手権大会）    38 試合
  2019 総体   予選              58 試合
  2019 総体   予選中支部           60 試合
  2019 総体   予選西支部           63 試合
  2019 総体   予選東支部           53 試合
  2019 総体   予選南支部           65 試合
  2019 選手権  予選             300 試合
  2020 新人戦  新人戦（新人選手権大会）    31 試合
  2020 新人戦  新人戦（新人選手権大会）    26 試合
  2020 新人戦  新人戦（新人選手権大会）    32 試合
  2020 新人戦  新人戦（新人選手権大会）    34 試合
  2020 新人戦  新人戦（新人選手権大会）    32 試合
  2020 新人戦  新人戦（新人選手権大会）    38 試合
  2020 新人戦  新人戦（新人選手権大会）    33 試合
  2020 新人戦  新人戦（新人選手権大会）    36 試合
  2020 選手権  予選             293 試合
  2021 新人戦  新人戦（新人選手権大会）    29 試合
  2021 新人戦  新人戦（新人選手権大会）    31 試合
  2021 新人戦  新人戦（新人選手権大会）    30 試合
  2021 新人戦  新人戦（新人選手権大会）    34 試合
  2021 新人戦  新人戦（新人選手権大会）    31 試合
  2021 新人戦  新人戦（新人選手権大会）    39 試合
  2021 新人戦  新人戦（新人選手権大会）    36 試合
  2021 新人戦  新人戦（新人選手権大会）    38 試合
  2021 総体   予選              61 試合
  2021 総体   予選南支部           61 試合
  2021 総体   予選東支部           55 試合
  2021 総体   予選西支部           61 試合
  2021 総体   予選中支部           58 試合
  2021 選手権  予選             285 試合
合計 6507 試合 → C:\Users\shnbt\dev\tokyo-soccer-brackets\data\koko_tokyo_matches.csv
